tfgirls\project\javarts\Model\Event\EventOptionTest.class
tfgirls\project\javarts\resource\ResourceConverterTest.class
tfgirls\project\javarts\building\BuildingBuilderTest.class
tfgirls\project\javarts\building\BasicBuildingProductionTest.class
tfgirls\project\javarts\Model\GeometryTest.class
tfgirls\project\javarts\TestGame.class
tfgirls\project\javarts\building\BuildingManagerTest.class
tfgirls\project\javarts\people\PeopleFatigueTest.class
tfgirls\project\javarts\Model\GameManagerExtraTest.class
tfgirls\project\javarts\Model\HistoricalDataTest.class
tfgirls\project\javarts\resource\RecipeRegistryTest.class
tfgirls\project\javarts\Model\Event\RichAsteroidEventTest.class
tfgirls\project\javarts\Model\Tech\TechNodeEffectTest.class
tfgirls\project\javarts\Controller\AddBuildingCommandTest.class
tfgirls\project\javarts\tech\TechTreeTest.class
tfgirls\project\javarts\GameManagerTest.class
tfgirls\project\javarts\resource\ResourceObjectTest.class
tfgirls\project\javarts\resource\ResourceManagerTest.class
tfgirls\project\javarts\building\BasicBuildingStateTest.class
