C:\Users\jeezeqi\javarts_work\JAVARTS4.0_Final_v4\JAVARTS4.0_Final\JavaRTS\src\main\java\module-info.java
C:\Users\jeezeqi\javarts_work\JAVARTS4.0_Final_v4\JAVARTS4.0_Final\JavaRTS\src\main\java\tfgirls\project\javarts\Controller\BagOfCommands.java
C:\Users\jeezeqi\javarts_work\JAVARTS4.0_Final_v4\JAVARTS4.0_Final\JavaRTS\src\main\java\tfgirls\project\javarts\Controller\Command.java
C:\Users\jeezeqi\javarts_work\JAVARTS4.0_Final_v4\JAVARTS4.0_Final\JavaRTS\src\main\java\tfgirls\project\javarts\Controller\Commands\AddBuildingCommand.java
C:\Users\jeezeqi\javarts_work\JAVARTS4.0_Final_v4\JAVARTS4.0_Final\JavaRTS\src\main\java\tfgirls\project\javarts\Controller\Commands\AddInhabitantIntoCommand.java
C:\Users\jeezeqi\javarts_work\JAVARTS4.0_Final_v4\JAVARTS4.0_Final\JavaRTS\src\main\java\tfgirls\project\javarts\Controller\Commands\AddWorkerIntoCommand.java
C:\Users\jeezeqi\javarts_work\JAVARTS4.0_Final_v4\JAVARTS4.0_Final\JavaRTS\src\main\java\tfgirls\project\javarts\Controller\Commands\BlockBuildingCommand.java
C:\Users\jeezeqi\javarts_work\JAVARTS4.0_Final_v4\JAVARTS4.0_Final\JavaRTS\src\main\java\tfgirls\project\javarts\Controller\Commands\BoostBuildingCommand.java
C:\Users\jeezeqi\javarts_work\JAVARTS4.0_Final_v4\JAVARTS4.0_Final\JavaRTS\src\main\java\tfgirls\project\javarts\Controller\Commands\RemoveBuildingCommand.java
C:\Users\jeezeqi\javarts_work\JAVARTS4.0_Final_v4\JAVARTS4.0_Final\JavaRTS\src\main\java\tfgirls\project\javarts\Controller\Commands\RemoveInhabitantFromCommand.java
C:\Users\jeezeqi\javarts_work\JAVARTS4.0_Final_v4\JAVARTS4.0_Final\JavaRTS\src\main\java\tfgirls\project\javarts\Controller\Commands\RemoveWorkerFromCommand.java
C:\Users\jeezeqi\javarts_work\JAVARTS4.0_Final_v4\JAVARTS4.0_Final\JavaRTS\src\main\java\tfgirls\project\javarts\Controller\Commands\RepairBuildingCommand.java
C:\Users\jeezeqi\javarts_work\JAVARTS4.0_Final_v4\JAVARTS4.0_Final\JavaRTS\src\main\java\tfgirls\project\javarts\Controller\Commands\ResearchTechCommand.java
C:\Users\jeezeqi\javarts_work\JAVARTS4.0_Final_v4\JAVARTS4.0_Final\JavaRTS\src\main\java\tfgirls\project\javarts\Controller\Commands\RunBuildingCommand.java
C:\Users\jeezeqi\javarts_work\JAVARTS4.0_Final_v4\JAVARTS4.0_Final\JavaRTS\src\main\java\tfgirls\project\javarts\Controller\Commands\SetSelectedBuildingCommand.java
C:\Users\jeezeqi\javarts_work\JAVARTS4.0_Final_v4\JAVARTS4.0_Final\JavaRTS\src\main\java\tfgirls\project\javarts\Controller\Commands\SetSelectedBuildingInfoCommand.java
C:\Users\jeezeqi\javarts_work\JAVARTS4.0_Final_v4\JAVARTS4.0_Final\JavaRTS\src\main\java\tfgirls\project\javarts\Controller\Controller.java
C:\Users\jeezeqi\javarts_work\JAVARTS4.0_Final_v4\JAVARTS4.0_Final\JavaRTS\src\main\java\tfgirls\project\javarts\Exception\MapTileStateException.java
C:\Users\jeezeqi\javarts_work\JAVARTS4.0_Final_v4\JAVARTS4.0_Final\JavaRTS\src\main\java\tfgirls\project\javarts\Exception\NotEnoughInhabitants.java
C:\Users\jeezeqi\javarts_work\JAVARTS4.0_Final_v4\JAVARTS4.0_Final\JavaRTS\src\main\java\tfgirls\project\javarts\Exception\NotEnoughResources.java
C:\Users\jeezeqi\javarts_work\JAVARTS4.0_Final_v4\JAVARTS4.0_Final\JavaRTS\src\main\java\tfgirls\project\javarts\Exception\NotEnoughSpace.java
C:\Users\jeezeqi\javarts_work\JAVARTS4.0_Final_v4\JAVARTS4.0_Final\JavaRTS\src\main\java\tfgirls\project\javarts\Exception\NotEnoughWorkers.java
C:\Users\jeezeqi\javarts_work\JAVARTS4.0_Final_v4\JAVARTS4.0_Final\JavaRTS\src\main\java\tfgirls\project\javarts\Exception\TooManyInhabitants.java
C:\Users\jeezeqi\javarts_work\JAVARTS4.0_Final_v4\JAVARTS4.0_Final\JavaRTS\src\main\java\tfgirls\project\javarts\Exception\TooManyWorkers.java
C:\Users\jeezeqi\javarts_work\JAVARTS4.0_Final_v4\JAVARTS4.0_Final\JavaRTS\src\main\java\tfgirls\project\javarts\Exception\WrongBuildingType.java
C:\Users\jeezeqi\javarts_work\JAVARTS4.0_Final_v4\JAVARTS4.0_Final\JavaRTS\src\main\java\tfgirls\project\javarts\Exception\WrongResourceType.java
C:\Users\jeezeqi\javarts_work\JAVARTS4.0_Final_v4\JAVARTS4.0_Final\JavaRTS\src\main\java\tfgirls\project\javarts\Exception\WrongState.java
C:\Users\jeezeqi\javarts_work\JAVARTS4.0_Final_v4\JAVARTS4.0_Final\JavaRTS\src\main\java\tfgirls\project\javarts\Main.java
C:\Users\jeezeqi\javarts_work\JAVARTS4.0_Final_v4\JAVARTS4.0_Final\JavaRTS\src\main\java\tfgirls\project\javarts\MainApp.java
C:\Users\jeezeqi\javarts_work\JAVARTS4.0_Final_v4\JAVARTS4.0_Final\JavaRTS\src\main\java\tfgirls\project\javarts\Model\Building\BasicBuilding.java
C:\Users\jeezeqi\javarts_work\JAVARTS4.0_Final_v4\JAVARTS4.0_Final\JavaRTS\src\main\java\tfgirls\project\javarts\Model\Building\Building.java
C:\Users\jeezeqi\javarts_work\JAVARTS4.0_Final_v4\JAVARTS4.0_Final\JavaRTS\src\main\java\tfgirls\project\javarts\Model\Building\BuildingBuilder.java
C:\Users\jeezeqi\javarts_work\JAVARTS4.0_Final_v4\JAVARTS4.0_Final\JavaRTS\src\main\java\tfgirls\project\javarts\Model\Building\BuildingDecorator.java
C:\Users\jeezeqi\javarts_work\JAVARTS4.0_Final_v4\JAVARTS4.0_Final\JavaRTS\src\main\java\tfgirls\project\javarts\Model\Building\BuildingFunction.java
C:\Users\jeezeqi\javarts_work\JAVARTS4.0_Final_v4\JAVARTS4.0_Final\JavaRTS\src\main\java\tfgirls\project\javarts\Model\Building\BuildingManager.java
C:\Users\jeezeqi\javarts_work\JAVARTS4.0_Final_v4\JAVARTS4.0_Final\JavaRTS\src\main\java\tfgirls\project\javarts\Model\Building\BuildingType.java
C:\Users\jeezeqi\javarts_work\JAVARTS4.0_Final_v4\JAVARTS4.0_Final\JavaRTS\src\main\java\tfgirls\project\javarts\Model\Building\ConsumptionBuilding.java
C:\Users\jeezeqi\javarts_work\JAVARTS4.0_Final_v4\JAVARTS4.0_Final\JavaRTS\src\main\java\tfgirls\project\javarts\Model\Building\LivingBuilding.java
C:\Users\jeezeqi\javarts_work\JAVARTS4.0_Final_v4\JAVARTS4.0_Final\JavaRTS\src\main\java\tfgirls\project\javarts\Model\Building\ProductionBuilding.java
C:\Users\jeezeqi\javarts_work\JAVARTS4.0_Final_v4\JAVARTS4.0_Final\JavaRTS\src\main\java\tfgirls\project\javarts\Model\Building\State\AbstractState.java
C:\Users\jeezeqi\javarts_work\JAVARTS4.0_Final_v4\JAVARTS4.0_Final\JavaRTS\src\main\java\tfgirls\project\javarts\Model\Building\State\Automata.java
C:\Users\jeezeqi\javarts_work\JAVARTS4.0_Final_v4\JAVARTS4.0_Final\JavaRTS\src\main\java\tfgirls\project\javarts\Model\Building\State\BlockedState.java
C:\Users\jeezeqi\javarts_work\JAVARTS4.0_Final_v4\JAVARTS4.0_Final\JavaRTS\src\main\java\tfgirls\project\javarts\Model\Building\State\BoostState.java
C:\Users\jeezeqi\javarts_work\JAVARTS4.0_Final_v4\JAVARTS4.0_Final\JavaRTS\src\main\java\tfgirls\project\javarts\Model\Building\State\BrokenState.java
C:\Users\jeezeqi\javarts_work\JAVARTS4.0_Final_v4\JAVARTS4.0_Final\JavaRTS\src\main\java\tfgirls\project\javarts\Model\Building\State\ConstructionState.java
C:\Users\jeezeqi\javarts_work\JAVARTS4.0_Final_v4\JAVARTS4.0_Final\JavaRTS\src\main\java\tfgirls\project\javarts\Model\Building\State\RunningState.java
C:\Users\jeezeqi\javarts_work\JAVARTS4.0_Final_v4\JAVARTS4.0_Final\JavaRTS\src\main\java\tfgirls\project\javarts\Model\Building\State\State.java
C:\Users\jeezeqi\javarts_work\JAVARTS4.0_Final_v4\JAVARTS4.0_Final\JavaRTS\src\main\java\tfgirls\project\javarts\Model\Building\State\States.java
C:\Users\jeezeqi\javarts_work\JAVARTS4.0_Final_v4\JAVARTS4.0_Final\JavaRTS\src\main\java\tfgirls\project\javarts\Model\Building\WorkingBuilding.java
C:\Users\jeezeqi\javarts_work\JAVARTS4.0_Final_v4\JAVARTS4.0_Final\JavaRTS\src\main\java\tfgirls\project\javarts\Model\Event\AlienAttackEvent.java
C:\Users\jeezeqi\javarts_work\JAVARTS4.0_Final_v4\JAVARTS4.0_Final\JavaRTS\src\main\java\tfgirls\project\javarts\Model\Event\AlienTraderEvent.java
C:\Users\jeezeqi\javarts_work\JAVARTS4.0_Final_v4\JAVARTS4.0_Final\JavaRTS\src\main\java\tfgirls\project\javarts\Model\Event\AncientRuinsEvent.java
C:\Users\jeezeqi\javarts_work\JAVARTS4.0_Final_v4\JAVARTS4.0_Final\JavaRTS\src\main\java\tfgirls\project\javarts\Model\Event\CosmicBountyEvent.java
C:\Users\jeezeqi\javarts_work\JAVARTS4.0_Final_v4\JAVARTS4.0_Final\JavaRTS\src\main\java\tfgirls\project\javarts\Model\Event\DiplomaticMissionEvent.java
C:\Users\jeezeqi\javarts_work\JAVARTS4.0_Final_v4\JAVARTS4.0_Final\JavaRTS\src\main\java\tfgirls\project\javarts\Model\Event\EventManager.java
C:\Users\jeezeqi\javarts_work\JAVARTS4.0_Final_v4\JAVARTS4.0_Final\JavaRTS\src\main\java\tfgirls\project\javarts\Model\Event\EventOption.java
C:\Users\jeezeqi\javarts_work\JAVARTS4.0_Final_v4\JAVARTS4.0_Final\JavaRTS\src\main\java\tfgirls\project\javarts\Model\Event\GameEvent.java
C:\Users\jeezeqi\javarts_work\JAVARTS4.0_Final_v4\JAVARTS4.0_Final\JavaRTS\src\main\java\tfgirls\project\javarts\Model\Event\MeteorStrikeEvent.java
C:\Users\jeezeqi\javarts_work\JAVARTS4.0_Final_v4\JAVARTS4.0_Final\JavaRTS\src\main\java\tfgirls\project\javarts\Model\Event\PopulationGrowthEvent.java
C:\Users\jeezeqi\javarts_work\JAVARTS4.0_Final_v4\JAVARTS4.0_Final\JavaRTS\src\main\java\tfgirls\project\javarts\Model\Event\RefugeeWaveEvent.java
C:\Users\jeezeqi\javarts_work\JAVARTS4.0_Final_v4\JAVARTS4.0_Final\JavaRTS\src\main\java\tfgirls\project\javarts\Model\Event\ResourceShortageEvent.java
C:\Users\jeezeqi\javarts_work\JAVARTS4.0_Final_v4\JAVARTS4.0_Final\JavaRTS\src\main\java\tfgirls\project\javarts\Model\Event\RichAsteroidEvent.java
C:\Users\jeezeqi\javarts_work\JAVARTS4.0_Final_v4\JAVARTS4.0_Final\JavaRTS\src\main\java\tfgirls\project\javarts\Model\Event\SolarFlareEvent.java
C:\Users\jeezeqi\javarts_work\JAVARTS4.0_Final_v4\JAVARTS4.0_Final\JavaRTS\src\main\java\tfgirls\project\javarts\Model\Event\SpacePlagueEvent.java
C:\Users\jeezeqi\javarts_work\JAVARTS4.0_Final_v4\JAVARTS4.0_Final\JavaRTS\src\main\java\tfgirls\project\javarts\Model\Event\StellarStormEvent.java
C:\Users\jeezeqi\javarts_work\JAVARTS4.0_Final_v4\JAVARTS4.0_Final\JavaRTS\src\main\java\tfgirls\project\javarts\Model\Event\TechDiscoveryEvent.java
C:\Users\jeezeqi\javarts_work\JAVARTS4.0_Final_v4\JAVARTS4.0_Final\JavaRTS\src\main\java\tfgirls\project\javarts\Model\Event\TradeEmbargoEvent.java
C:\Users\jeezeqi\javarts_work\JAVARTS4.0_Final_v4\JAVARTS4.0_Final\JavaRTS\src\main\java\tfgirls\project\javarts\Model\GameManager.java
C:\Users\jeezeqi\javarts_work\JAVARTS4.0_Final_v4\JAVARTS4.0_Final\JavaRTS\src\main\java\tfgirls\project\javarts\Model\HistoricalData.java
C:\Users\jeezeqi\javarts_work\JAVARTS4.0_Final_v4\JAVARTS4.0_Final\JavaRTS\src\main\java\tfgirls\project\javarts\Model\Map.java
C:\Users\jeezeqi\javarts_work\JAVARTS4.0_Final_v4\JAVARTS4.0_Final\JavaRTS\src\main\java\tfgirls\project\javarts\Model\MapTileStatus.java
C:\Users\jeezeqi\javarts_work\JAVARTS4.0_Final_v4\JAVARTS4.0_Final\JavaRTS\src\main\java\tfgirls\project\javarts\Model\People.java
C:\Users\jeezeqi\javarts_work\JAVARTS4.0_Final_v4\JAVARTS4.0_Final\JavaRTS\src\main\java\tfgirls\project\javarts\Model\Port\GameClock.java
C:\Users\jeezeqi\javarts_work\JAVARTS4.0_Final_v4\JAVARTS4.0_Final\JavaRTS\src\main\java\tfgirls\project\javarts\Model\Port\GameUiBridge.java
C:\Users\jeezeqi\javarts_work\JAVARTS4.0_Final_v4\JAVARTS4.0_Final\JavaRTS\src\main\java\tfgirls\project\javarts\Model\Position.java
C:\Users\jeezeqi\javarts_work\JAVARTS4.0_Final_v4\JAVARTS4.0_Final\JavaRTS\src\main\java\tfgirls\project\javarts\Model\Resource\AbstractResource.java
C:\Users\jeezeqi\javarts_work\JAVARTS4.0_Final_v4\JAVARTS4.0_Final\JavaRTS\src\main\java\tfgirls\project\javarts\Model\Resource\Cement.java
C:\Users\jeezeqi\javarts_work\JAVARTS4.0_Final_v4\JAVARTS4.0_Final\JavaRTS\src\main\java\tfgirls\project\javarts\Model\Resource\Coal.java
C:\Users\jeezeqi\javarts_work\JAVARTS4.0_Final_v4\JAVARTS4.0_Final\JavaRTS\src\main\java\tfgirls\project\javarts\Model\Resource\Food.java
C:\Users\jeezeqi\javarts_work\JAVARTS4.0_Final_v4\JAVARTS4.0_Final\JavaRTS\src\main\java\tfgirls\project\javarts\Model\Resource\Iron.java
C:\Users\jeezeqi\javarts_work\JAVARTS4.0_Final_v4\JAVARTS4.0_Final\JavaRTS\src\main\java\tfgirls\project\javarts\Model\Resource\RecipeRegistry.java
C:\Users\jeezeqi\javarts_work\JAVARTS4.0_Final_v4\JAVARTS4.0_Final\JavaRTS\src\main\java\tfgirls\project\javarts\Model\Resource\Resource.java
C:\Users\jeezeqi\javarts_work\JAVARTS4.0_Final_v4\JAVARTS4.0_Final\JavaRTS\src\main\java\tfgirls\project\javarts\Model\Resource\ResourceConverter.java
C:\Users\jeezeqi\javarts_work\JAVARTS4.0_Final_v4\JAVARTS4.0_Final\JavaRTS\src\main\java\tfgirls\project\javarts\Model\Resource\ResourceManager.java
C:\Users\jeezeqi\javarts_work\JAVARTS4.0_Final_v4\JAVARTS4.0_Final\JavaRTS\src\main\java\tfgirls\project\javarts\Model\Resource\ResourceType.java
C:\Users\jeezeqi\javarts_work\JAVARTS4.0_Final_v4\JAVARTS4.0_Final\JavaRTS\src\main\java\tfgirls\project\javarts\Model\Resource\Steel.java
C:\Users\jeezeqi\javarts_work\JAVARTS4.0_Final_v4\JAVARTS4.0_Final\JavaRTS\src\main\java\tfgirls\project\javarts\Model\Resource\Stone.java
C:\Users\jeezeqi\javarts_work\JAVARTS4.0_Final_v4\JAVARTS4.0_Final\JavaRTS\src\main\java\tfgirls\project\javarts\Model\Resource\Tools.java
C:\Users\jeezeqi\javarts_work\JAVARTS4.0_Final_v4\JAVARTS4.0_Final\JavaRTS\src\main\java\tfgirls\project\javarts\Model\Resource\Wood.java
C:\Users\jeezeqi\javarts_work\JAVARTS4.0_Final_v4\JAVARTS4.0_Final\JavaRTS\src\main\java\tfgirls\project\javarts\Model\Size.java
C:\Users\jeezeqi\javarts_work\JAVARTS4.0_Final_v4\JAVARTS4.0_Final\JavaRTS\src\main\java\tfgirls\project\javarts\Model\Subject.java
C:\Users\jeezeqi\javarts_work\JAVARTS4.0_Final_v4\JAVARTS4.0_Final\JavaRTS\src\main\java\tfgirls\project\javarts\Model\Tech\TechEffect.java
C:\Users\jeezeqi\javarts_work\JAVARTS4.0_Final_v4\JAVARTS4.0_Final\JavaRTS\src\main\java\tfgirls\project\javarts\Model\Tech\TechNode.java
C:\Users\jeezeqi\javarts_work\JAVARTS4.0_Final_v4\JAVARTS4.0_Final\JavaRTS\src\main\java\tfgirls\project\javarts\Model\Tech\TechTree.java
C:\Users\jeezeqi\javarts_work\JAVARTS4.0_Final_v4\JAVARTS4.0_Final\JavaRTS\src\main\java\tfgirls\project\javarts\View\BuildingCard.java
C:\Users\jeezeqi\javarts_work\JAVARTS4.0_Final_v4\JAVARTS4.0_Final\JavaRTS\src\main\java\tfgirls\project\javarts\View\BuildingFooter.java
C:\Users\jeezeqi\javarts_work\JAVARTS4.0_Final_v4\JAVARTS4.0_Final\JavaRTS\src\main\java\tfgirls\project\javarts\View\BuildingInfoCard.java
C:\Users\jeezeqi\javarts_work\JAVARTS4.0_Final_v4\JAVARTS4.0_Final\JavaRTS\src\main\java\tfgirls\project\javarts\View\BuildingInfoPopup.java
C:\Users\jeezeqi\javarts_work\JAVARTS4.0_Final_v4\JAVARTS4.0_Final\JavaRTS\src\main\java\tfgirls\project\javarts\View\CustomMenu.java
C:\Users\jeezeqi\javarts_work\JAVARTS4.0_Final_v4\JAVARTS4.0_Final\JavaRTS\src\main\java\tfgirls\project\javarts\View\EventDialog.java
C:\Users\jeezeqi\javarts_work\JAVARTS4.0_Final_v4\JAVARTS4.0_Final\JavaRTS\src\main\java\tfgirls\project\javarts\View\FxGameClock.java
C:\Users\jeezeqi\javarts_work\JAVARTS4.0_Final_v4\JAVARTS4.0_Final\JavaRTS\src\main\java\tfgirls\project\javarts\View\FxGameUiBridge.java
C:\Users\jeezeqi\javarts_work\JAVARTS4.0_Final_v4\JAVARTS4.0_Final\JavaRTS\src\main\java\tfgirls\project\javarts\View\GameOverDialog.java
C:\Users\jeezeqi\javarts_work\JAVARTS4.0_Final_v4\JAVARTS4.0_Final\JavaRTS\src\main\java\tfgirls\project\javarts\View\ImagePath.java
C:\Users\jeezeqi\javarts_work\JAVARTS4.0_Final_v4\JAVARTS4.0_Final\JavaRTS\src\main\java\tfgirls\project\javarts\View\MainView.java
C:\Users\jeezeqi\javarts_work\JAVARTS4.0_Final_v4\JAVARTS4.0_Final\JavaRTS\src\main\java\tfgirls\project\javarts\View\MapView.java
C:\Users\jeezeqi\javarts_work\JAVARTS4.0_Final_v4\JAVARTS4.0_Final\JavaRTS\src\main\java\tfgirls\project\javarts\View\Names.java
C:\Users\jeezeqi\javarts_work\JAVARTS4.0_Final_v4\JAVARTS4.0_Final\JavaRTS\src\main\java\tfgirls\project\javarts\View\Observer.java
C:\Users\jeezeqi\javarts_work\JAVARTS4.0_Final_v4\JAVARTS4.0_Final\JavaRTS\src\main\java\tfgirls\project\javarts\View\PeopleFooter.java
C:\Users\jeezeqi\javarts_work\JAVARTS4.0_Final_v4\JAVARTS4.0_Final\JavaRTS\src\main\java\tfgirls\project\javarts\View\SaveManager.java
C:\Users\jeezeqi\javarts_work\JAVARTS4.0_Final_v4\JAVARTS4.0_Final\JavaRTS\src\main\java\tfgirls\project\javarts\View\SplashScreen.java
C:\Users\jeezeqi\javarts_work\JAVARTS4.0_Final_v4\JAVARTS4.0_Final\JavaRTS\src\main\java\tfgirls\project\javarts\View\TechView.java
C:\Users\jeezeqi\javarts_work\JAVARTS4.0_Final_v4\JAVARTS4.0_Final\JavaRTS\src\main\java\tfgirls\project\javarts\View\VictoryDialog.java
