C:\Users\jeezeqi\javarts_work\JAVARTS4.0_Final_v4\JAVARTS4.0_Final\JavaRTS\src\test\java\tfgirls\project\javarts\building\BasicBuildingProductionTest.java
C:\Users\jeezeqi\javarts_work\JAVARTS4.0_Final_v4\JAVARTS4.0_Final\JavaRTS\src\test\java\tfgirls\project\javarts\building\BasicBuildingStateTest.java
C:\Users\jeezeqi\javarts_work\JAVARTS4.0_Final_v4\JAVARTS4.0_Final\JavaRTS\src\test\java\tfgirls\project\javarts\building\BuildingBuilderTest.java
C:\Users\jeezeqi\javarts_work\JAVARTS4.0_Final_v4\JAVARTS4.0_Final\JavaRTS\src\test\java\tfgirls\project\javarts\building\BuildingManagerTest.java
C:\Users\jeezeqi\javarts_work\JAVARTS4.0_Final_v4\JAVARTS4.0_Final\JavaRTS\src\test\java\tfgirls\project\javarts\Controller\AddBuildingCommandTest.java
C:\Users\jeezeqi\javarts_work\JAVARTS4.0_Final_v4\JAVARTS4.0_Final\JavaRTS\src\test\java\tfgirls\project\javarts\GameManagerTest.java
C:\Users\jeezeqi\javarts_work\JAVARTS4.0_Final_v4\JAVARTS4.0_Final\JavaRTS\src\test\java\tfgirls\project\javarts\Model\Event\EventOptionTest.java
C:\Users\jeezeqi\javarts_work\JAVARTS4.0_Final_v4\JAVARTS4.0_Final\JavaRTS\src\test\java\tfgirls\project\javarts\Model\Event\RichAsteroidEventTest.java
C:\Users\jeezeqi\javarts_work\JAVARTS4.0_Final_v4\JAVARTS4.0_Final\JavaRTS\src\test\java\tfgirls\project\javarts\Model\GameManagerExtraTest.java
C:\Users\jeezeqi\javarts_work\JAVARTS4.0_Final_v4\JAVARTS4.0_Final\JavaRTS\src\test\java\tfgirls\project\javarts\Model\GeometryTest.java
C:\Users\jeezeqi\javarts_work\JAVARTS4.0_Final_v4\JAVARTS4.0_Final\JavaRTS\src\test\java\tfgirls\project\javarts\Model\HistoricalDataTest.java
C:\Users\jeezeqi\javarts_work\JAVARTS4.0_Final_v4\JAVARTS4.0_Final\JavaRTS\src\test\java\tfgirls\project\javarts\Model\Tech\TechNodeEffectTest.java
C:\Users\jeezeqi\javarts_work\JAVARTS4.0_Final_v4\JAVARTS4.0_Final\JavaRTS\src\test\java\tfgirls\project\javarts\people\PeopleFatigueTest.java
C:\Users\jeezeqi\javarts_work\JAVARTS4.0_Final_v4\JAVARTS4.0_Final\JavaRTS\src\test\java\tfgirls\project\javarts\resource\RecipeRegistryTest.java
C:\Users\jeezeqi\javarts_work\JAVARTS4.0_Final_v4\JAVARTS4.0_Final\JavaRTS\src\test\java\tfgirls\project\javarts\resource\ResourceConverterTest.java
C:\Users\jeezeqi\javarts_work\JAVARTS4.0_Final_v4\JAVARTS4.0_Final\JavaRTS\src\test\java\tfgirls\project\javarts\resource\ResourceManagerTest.java
C:\Users\jeezeqi\javarts_work\JAVARTS4.0_Final_v4\JAVARTS4.0_Final\JavaRTS\src\test\java\tfgirls\project\javarts\resource\ResourceObjectTest.java
C:\Users\jeezeqi\javarts_work\JAVARTS4.0_Final_v4\JAVARTS4.0_Final\JavaRTS\src\test\java\tfgirls\project\javarts\tech\TechTreeTest.java
C:\Users\jeezeqi\javarts_work\JAVARTS4.0_Final_v4\JAVARTS4.0_Final\JavaRTS\src\test\java\tfgirls\project\javarts\TestGame.java
